// Vitest Snapshot v1, https://vitest.dev/guide/snapshot.html

exports[`getGroupOrders > works as expected 1`] = `
{
  "1": {
    "group": {
      "id": "1",
      "title": "1",
    },
    "index": 0,
  },
  "2": {
    "group": {
      "id": "2",
      "title": "2",
    },
    "index": 1,
  },
  "3": {
    "group": {
      "id": "3",
      "title": "3",
    },
    "index": 2,
  },
}
`;
