// Jest Snapshot v1, https://goo.gl/fbAQLP

exports[`getItemDimensions should evaluate dimensions for an item 1`] = `
Object {
  "dimensions": Object {
    "collisionLeft": 1540540000000,
    "collisionWidth": 6803877,
    "height": 60,
    "left": 1449.074074074074,
    "order": Object {
      "group": Object {
        "id": "1",
      },
      "index": 0,
    },
    "stack": true,
    "top": null,
    "width": 78.74857638888898,
  },
  "id": "0",
}
`;
